stopped after 0, the cursor and its copy settle at "three" with [first, second, third]
stopped after 1, the cursor and its copy settle at "three" with [first, second, third]
stopped after 2, the cursor and its copy settle at "three" with [first, second, third]
stopped after 3, the cursor and its copy settle at "three" with [first, second, third]
